error: #[ctor]` and `#[endpoint]` can't co-exist.
 --> $DIR/endpoint_and_ctor_fails.rs:3:1
  |
3 | #[app]
  | ^^^^^^
  |
  = note: this error originates in an attribute macro (in Nightly builds, run with -Z macro-backtrace for more info)
