error: #[fundable_hook]` and `#[fundable(..)]` can't co-exist.
 --> $DIR/fundable_hook_and_fundable_not_allowed.rs:3:1
  |
3 | #[app]
  | ^^^^^^
  |
  = note: this error originates in an attribute macro (in Nightly builds, run with -Z macro-backtrace for more info)
