error: There can be only a single default `fundable hook`
 --> $DIR/app_with_two_default_fundable_hook_not_allowed.rs:3:1
  |
3 | #[app]
  | ^^^^^^
  |
  = note: this error originates in an attribute macro (in Nightly builds, run with -Z macro-backtrace for more info)
