error: Each function can be annotated with `#[ctor]` exactly once.
 --> $DIR/ctor_used_twice_fails.rs:3:1
  |
3 | #[app]
  | ^^^^^^
  |
  = note: this error originates in an attribute macro (in Nightly builds, run with -Z macro-backtrace for more info)
